6/11/2026 11:46:10 PM MFP Startup Sync starting...
6/11/2026 11:46:41 PM MFP Startup Sync complete
6/12/2026 8:18:42 AM MFP Startup Sync starting...
6/12/2026 8:18:46 AM MFP Startup Sync complete
6/20/2026 4:06:49 PM MFP Startup Sync starting...
6/20/2026 4:09:52 PM MFP Startup Sync complete
6/22/2026 1:00:01 PM MFP Startup Sync starting...
6/23/2026 9:46:06 PM MFP Startup Sync starting...
6/23/2026 9:46:06 PM MFP Startup Sync complete
7/2/2026 10:04:37 AM MFP Startup Sync starting...
7/2/2026 10:04:37 AM MFP Startup Sync complete
7/15/2026 1:37:17 PM MFP Startup Sync starting...
7/15/2026 1:37:21 PM MFP Startup Sync complete
7/16/2026 12:49:42 PM MFP Startup Sync starting...
7/16/2026 12:49:44 PM MFP Startup Sync complete
7/28/2026 7:18:13 PM MFP Startup Sync starting...
7/28/2026 7:18:43 PM MFP Cron Sync starting...
7/28/2026 7:21:45 PM MFP Cron Sync complete
8/1/2026 2:09:31 PM MFP Startup Sync starting...
8/3/2026 3:14:53 PM MFP Startup Sync starting...
8/9/2026 11:33:04 AM MFP Startup Sync starting...
8/9/2026 11:33:08 AM MFP Startup Sync complete
8/12/2026 10:53:43 AM MFP Startup Sync starting...
8/12/2026 10:53:47 AM MFP Startup Sync complete
8/13/2026 3:25:40 AM MFP Startup Sync starting...
8/13/2026 3:26:07 AM MFP Startup Sync complete
8/17/2026 12:29:16 AM MFP Startup Sync starting...
8/17/2026 12:29:51 AM MFP Startup Sync complete
9/4/2026 5:32:39 PM MFP Startup Sync starting...
9/4/2026 5:32:43 PM MFP Startup Sync complete
9/11/2026 12:03:03 AM MFP Startup Sync starting...
9/11/2026 12:03:06 AM MFP Startup Sync complete
9/15/2026 10:51:09 AM MFP Startup Sync starting...
9/15/2026 10:51:12 AM MFP Startup Sync complete
